[www.qrstuff.com/scan.html]
[backblue.gif]
[fade.gif]
[index.html]
[cdn.qrstuff.com/build/styles_2018/qrstuff-1eb61c0cdb.min.css]
[www.qrstuff.com/favicon.ico]
[cdn.qrstuff.com/build/scripts/all-01d4ecbcb2.min.js]
[www.qrstuff.com/images/apple-touch-icon.png]
[www.qrstuff.com/build/scripts/scan-6854da03af.min.js]
[www.qrstuff.com/include/modules/custom/qrcodescan/instascan/custom/instascan.min.js]
[www.qrstuff.com/manifest.webmanifest.json]
[pagead2.googlesyndication.com/pagead/js/f.txt]
[www.qrstuff.com/newaccount.html]
[www.qrstuff.com/subscription.html]
[www.qrstuff.com/index.html]
[www.qrstuff.com/faqs.html]
[www.qrstuff.com/qr_stuff.html]
[www.qrstuff.com/qr_codes.html]
[www.qrstuff.com/qr_phone_software.html]
[www.qrstuff.com/qr_code_examples.html]
[www.qrstuff.com/affiliates.html]
[www.qrstuff.com/forgotpassword.html]
[cdn.qrstuff.com/images/g-login-ajax.gif]
[www.qrstuff.com/index-2.html]
[www.qrstuff.com/terms.pdf]
[www.qrstuff.com/contact.html]
[www.qrstuff.com/scan.html]
[www.googletagmanager.com/gtm5445.html]
[cdn.qrstuff.com/images/google-icon.png]
[cdn.qrstuff.com/resources/images/icons/flags-sprite.png]
[cdn.qrstuff.com/resources/images/icons/money-back-guarantee.png]
[cdn.qrstuff.com/images/icons/g-delete.png]
[cdn.qrstuff.com/images/icons/g-feature-icons.png]
[cdn.qrstuff.com/build/styles_2018/qrstuff-1eb61c0cdb.min.css]
[cdn.qrstuff.com/images/icons/g-feature-codes.png]
[cdn.qrstuff.com/images/icons/g-feature-scans.png]
[cdn.qrstuff.com/images/icons/g-feature-edit.png]
[cdn.qrstuff.com/images/icons/g-close.png]
[cdn.qrstuff.com/images/dbc-sample.png]
[cdn.qrstuff.com/images/button-visualead-linkedin.png]
[cdn.qrstuff.com/images/button-visualead-twitter.png]
[cdn.qrstuff.com/images/button-visualead-facebook.png]
[cdn.qrstuff.com/images/button-visualead-youtube.png]
[cdn.qrstuff.com/images/button-visualead-contact-details.png]
[cdn.qrstuff.com/images/button-visualead-google-maps.png]
[cdn.qrstuff.com/resources/images/icons/visual-button.png]
[cdn.qrstuff.com/images/default_qrcode.png]
[www.qrstuff.com/index.html]
[cdn.optimizely.com/js/3685728224.js]
[www.qrstuff.com/newaccount-2.html]
[www.qrstuff.com/newaccount.html]
[www.qrstuff.com/subscription-2.html]
[www.qrstuff.com/subscription.html]
[www.qrstuff.com/fairuse.pdf]
[cdn.qrstuff.com/images/analytics_screenshot.png]
[cdn.qrstuff.com/images/sample.png]
[cdn.qrstuff.com/images/manage-analytics.png]
[cdn.qrstuff.com/images/manage-dynamic.png]
[cdn.qrstuff.com/images/manage-edit.png]
[cdn.qrstuff.com/images/manage-size1.png]
[cdn.qrstuff.com/images/manage-size2.png]
[cdn.qrstuff.com/images/manage-logo1.png]
[www.qrstuff.com/batch_processing.pdf]
[www.qrstuff.com/privacy_policy.pdf]
[www.qrstuff.com/faqs.html]
[www.qrstuff.com/qr_stuff.html]
[www.qrstuff.com/resources/images/icons/qr-code-anatomy.gif]
[www.qrstuff.com/qr_codes.html]
[www.qrstuff.com/qr_phone_software.html]
[www.qrstuff.com/qr_code_pdf.html]
[cdn.qrstuff.com/resources/images/qr-code-examples/QRStuff_QRCodeExample_24.png]
[cdn.qrstuff.com/resources/images/qr-code-examples/QRStuff_QRCodeExample_2.jpg]
[cdn.qrstuff.com/resources/images/qr-code-examples/QRStuff_QRCodeExample_3.jpg]
[cdn.qrstuff.com/resources/images/qr-code-examples/QRStuff_QRCodeExample_4.png]
[cdn.qrstuff.com/resources/images/qr-code-examples/QRStuff_QRCodeExample_5.jpg]
[cdn.qrstuff.com/resources/images/qr-code-examples/QRStuff_QRCodeExample_6.jpg]
[cdn.qrstuff.com/resources/images/qr-code-examples/QRStuff_QRCodeExample_7.jpg]
[cdn.qrstuff.com/resources/images/qr-code-examples/QRStuff_QRCodeExample_8.jpg]
[cdn.qrstuff.com/resources/images/qr-code-examples/QRStuff_QRCodeExample_9.jpg]
[cdn.qrstuff.com/resources/images/qr-code-examples/QRStuff_QRCodeExample_10.png]
[cdn.qrstuff.com/resources/images/qr-code-examples/QRStuff_QRCodeExample_11.jpg]
[cdn.qrstuff.com/resources/images/qr-code-examples/QRStuff_QRCodeExample_12.jpg]
[cdn.qrstuff.com/resources/images/qr-code-examples/QRStuff_QRCodeExample_13.png]
[cdn.qrstuff.com/resources/images/qr-code-examples/QRStuff_QRCodeExample_14.jpg]
[cdn.qrstuff.com/resources/images/qr-code-examples/QRStuff_QRCodeExample_15.jpg]
[cdn.qrstuff.com/resources/images/qr-code-examples/QRStuff_QRCodeExample_16.jpg]
[cdn.qrstuff.com/resources/images/qr-code-examples/QRStuff_QRCodeExample_17.jpg]
[cdn.qrstuff.com/resources/images/qr-code-examples/QRStuff_QRCodeExample_18.jpg]
[cdn.qrstuff.com/resources/images/qr-code-examples/QRStuff_QRCodeExample_19.jpg]
[cdn.qrstuff.com/resources/images/qr-code-examples/QRStuff_QRCodeExample_20.jpg]
[cdn.qrstuff.com/resources/images/qr-code-examples/QRStuff_QRCodeExample_21.jpg]
[cdn.qrstuff.com/resources/images/qr-code-examples/QRStuff_QRCodeExample_22.jpg]
[cdn.qrstuff.com/resources/images/qr-code-examples/QRStuff_QRCodeExample_23.jpg]
[www.qrstuff.com/qr_code_examples.html]
[www.qrstuff.com/build/scripts/subscription-2d221e126f.min.js]
[www.qrstuff.com/affiliate_agreement.pdf]
[www.qrstuff.com/affiliates.html]
[www.qrstuff.com/forgotpassword.html]
[www.qrstuff.com/index-2.html]
[www.qrstuff.com/contact.html]
[www.qrstuff.com/newaccount-2.html]
[www.qrstuff.com/subscription-2.html]
[www.qrstuff.com/css/qr-code-pdf-landing.css]
[www.qrstuff.com/images/landing/icacrobat.png]
[www.qrstuff.com/images/landing/arrow_wide.png]
[www.qrstuff.com/indexa1ff.html]
[www.qrstuff.com/images/landing/arrow_wide_tablet.png]
[www.qrstuff.com/images/landing/arrow_wide_mobile.png]
[www.qrstuff.com/images/landing/iphone.png]
[www.qrstuff.com/images/landing/code.png]
[www.qrstuff.com/images/landing/frame.png]
[www.qrstuff.com/images/landing/frame_tablet.png]
[www.qrstuff.com/images/landing/frame_mobile.png]
[www.qrstuff.com/qr_code_pdf.html]
[www.qrstuff.com/css/qr-code-pdf-landing.css]
[www.qrstuff.com/indexa1ff.html]
